  Identification des projets ├á restaurer...
  Tous les projets sont ├á jour pour la restauration.
  SystemeCaisse.Core -> s:\PROGRAMATION\SystemeCaisse\SystemeCaisse.Core\bin\Debug\net8.0\SystemeCaisse.Core.dll
  SystemeCaisse.Infrastructure -> s:\PROGRAMATION\SystemeCaisse\SystemeCaisse.Infrastructure\bin\Debug\net8.0\SystemeCaisse.Infrastructure.dll
s:\PROGRAMATION\SystemeCaisse\SystemeCaisse.UI\ViewModels\BasicRelayCommand.cs(17,21): warning CS8767: La nullabilit├® des types r├®f├®rence dans le type du param├¿tre 'parameter' de 'bool BasicRelayCommand.CanExecute(object parameter)' ne correspond pas au membre impl├®ment├® implicitement 'bool ICommand.CanExecute(object? parameter)' (probablement en raison des attributs de nullabilit├®). [s:\PROGRAMATION\SystemeCaisse\SystemeCaisse.UI\SystemeCaisse.UI_s114rl22_wpftmp.csproj]
s:\PROGRAMATION\SystemeCaisse\SystemeCaisse.UI\ViewModels\BasicRelayCommand.cs(19,21): warning CS8767: La nullabilit├® des types r├®f├®rence dans le type du param├¿tre 'parameter' de 'void BasicRelayCommand.Execute(object parameter)' ne correspond pas au membre impl├®ment├® implicitement 'void ICommand.Execute(object? parameter)' (probablement en raison des attributs de nullabilit├®). [s:\PROGRAMATION\SystemeCaisse\SystemeCaisse.UI\SystemeCaisse.UI_s114rl22_wpftmp.csproj]
s:\PROGRAMATION\SystemeCaisse\SystemeCaisse.UI\ViewModels\BasicRelayCommand.cs(21,35): warning CS8612: La nullabilit├® des types r├®f├®rence dans le type de 'event EventHandler BasicRelayCommand.CanExecuteChanged' ne correspond pas au membre impl├®ment├® implicitement 'event EventHandler? ICommand.CanExecuteChanged'. [s:\PROGRAMATION\SystemeCaisse\SystemeCaisse.UI\SystemeCaisse.UI_s114rl22_wpftmp.csproj]
s:\PROGRAMATION\SystemeCaisse\SystemeCaisse.UI\ViewModels\BasicRelayCommand.cs(11,89): warning CS8625: Impossible de convertir un litt├®ral ayant une valeur null en type r├®f├®rence non-nullable. [s:\PROGRAMATION\SystemeCaisse\SystemeCaisse.UI\SystemeCaisse.UI_s114rl22_wpftmp.csproj]
s:\PROGRAMATION\SystemeCaisse\SystemeCaisse.UI\ViewModels\HistoryViewModel.cs(196,75): warning CS8625: Impossible de convertir un litt├®ral ayant une valeur null en type r├®f├®rence non-nullable. [s:\PROGRAMATION\SystemeCaisse\SystemeCaisse.UI\SystemeCaisse.UI_s114rl22_wpftmp.csproj]
s:\PROGRAMATION\SystemeCaisse\SystemeCaisse.UI\ViewModels\DiscountViewModel.cs(31,108): warning CS8625: Impossible de convertir un litt├®ral ayant une valeur null en type r├®f├®rence non-nullable. [s:\PROGRAMATION\SystemeCaisse\SystemeCaisse.UI\SystemeCaisse.UI_s114rl22_wpftmp.csproj]
s:\PROGRAMATION\SystemeCaisse\SystemeCaisse.UI\ViewModels\StocksViewModel.cs(323,75): warning CS8625: Impossible de convertir un litt├®ral ayant une valeur null en type r├®f├®rence non-nullable. [s:\PROGRAMATION\SystemeCaisse\SystemeCaisse.UI\SystemeCaisse.UI_s114rl22_wpftmp.csproj]
s:\PROGRAMATION\SystemeCaisse\SystemeCaisse.UI\Models\DashboardModels.cs(8,23): warning CS8618: Le propri├®t├® ┬½┬áProductName┬á┬╗ non-nullable doit contenir une valeur autre que Null lors de la fermeture du constructeur. Envisagez dÔÇÖajouter le modificateur ┬½┬árequired┬á┬╗ ou de d├®clarer le propri├®t├® comme pouvant accepter la valeur Null. [s:\PROGRAMATION\SystemeCaisse\SystemeCaisse.UI\SystemeCaisse.UI_s114rl22_wpftmp.csproj]
s:\PROGRAMATION\SystemeCaisse\SystemeCaisse.UI\Models\DashboardModels.cs(16,23): warning CS8618: Le propri├®t├® ┬½┬áLabel┬á┬╗ non-nullable doit contenir une valeur autre que Null lors de la fermeture du constructeur. Envisagez dÔÇÖajouter le modificateur ┬½┬árequired┬á┬╗ ou de d├®clarer le propri├®t├® comme pouvant accepter la valeur Null. [s:\PROGRAMATION\SystemeCaisse\SystemeCaisse.UI\SystemeCaisse.UI_s114rl22_wpftmp.csproj]
s:\PROGRAMATION\SystemeCaisse\SystemeCaisse.UI\Models\DashboardModels.cs(23,23): warning CS8618: Le propri├®t├® ┬½┬áLabel┬á┬╗ non-nullable doit contenir une valeur autre que Null lors de la fermeture du constructeur. Envisagez dÔÇÖajouter le modificateur ┬½┬árequired┬á┬╗ ou de d├®clarer le propri├®t├® comme pouvant accepter la valeur Null. [s:\PROGRAMATION\SystemeCaisse\SystemeCaisse.UI\SystemeCaisse.UI_s114rl22_wpftmp.csproj]
s:\PROGRAMATION\SystemeCaisse\SystemeCaisse.UI\Models\DashboardModels.cs(31,23): warning CS8618: Le propri├®t├® ┬½┬áLabel┬á┬╗ non-nullable doit contenir une valeur autre que Null lors de la fermeture du constructeur. Envisagez dÔÇÖajouter le modificateur ┬½┬árequired┬á┬╗ ou de d├®clarer le propri├®t├® comme pouvant accepter la valeur Null. [s:\PROGRAMATION\SystemeCaisse\SystemeCaisse.UI\SystemeCaisse.UI_s114rl22_wpftmp.csproj]
s:\PROGRAMATION\SystemeCaisse\SystemeCaisse.UI\Models\DashboardModels.cs(33,22): warning CS8618: Le propri├®t├® ┬½┬áColorBrush┬á┬╗ non-nullable doit contenir une valeur autre que Null lors de la fermeture du constructeur. Envisagez dÔÇÖajouter le modificateur ┬½┬árequired┬á┬╗ ou de d├®clarer le propri├®t├® comme pouvant accepter la valeur Null. [s:\PROGRAMATION\SystemeCaisse\SystemeCaisse.UI\SystemeCaisse.UI_s114rl22_wpftmp.csproj]
s:\PROGRAMATION\SystemeCaisse\SystemeCaisse.UI\Views\CartItemSelectionWindow.xaml.cs(11,16): warning CS8618: Le propri├®t├® ┬½┬áSelectedItem┬á┬╗ non-nullable doit contenir une valeur autre que Null lors de la fermeture du constructeur. Envisagez dÔÇÖajouter le modificateur ┬½┬árequired┬á┬╗ ou de d├®clarer le propri├®t├® comme pouvant accepter la valeur Null. [s:\PROGRAMATION\SystemeCaisse\SystemeCaisse.UI\SystemeCaisse.UI_s114rl22_wpftmp.csproj]
s:\PROGRAMATION\SystemeCaisse\SystemeCaisse.UI\Converters\StringToVisibilityConverter.cs(14,34): warning CS8600: Conversion de litt├®ral ayant une valeur null ou d'une ├®ventuelle valeur null en type non-nullable. [s:\PROGRAMATION\SystemeCaisse\SystemeCaisse.UI\SystemeCaisse.UI_s114rl22_wpftmp.csproj]
s:\PROGRAMATION\SystemeCaisse\SystemeCaisse.UI\Converters\StringToVisibilityConverter.cs(22,39): warning CS8602: D├®r├®f├®rencement d'une ├®ventuelle r├®f├®rence null. [s:\PROGRAMATION\SystemeCaisse\SystemeCaisse.UI\SystemeCaisse.UI_s114rl22_wpftmp.csproj]
s:\PROGRAMATION\SystemeCaisse\SystemeCaisse.UI\Views\CartItemSelectionWindow.xaml.cs(19,28): warning CS8601: Existence possible d'une assignation de r├®f├®rence null. [s:\PROGRAMATION\SystemeCaisse\SystemeCaisse.UI\SystemeCaisse.UI_s114rl22_wpftmp.csproj]
s:\PROGRAMATION\SystemeCaisse\SystemeCaisse.UI\ViewModels\CartItemViewModel.cs(22,35): warning CS8603: Existence possible d'un retour de r├®f├®rence null. [s:\PROGRAMATION\SystemeCaisse\SystemeCaisse.UI\SystemeCaisse.UI_s114rl22_wpftmp.csproj]
s:\PROGRAMATION\SystemeCaisse\SystemeCaisse.UI\ViewModels\StocksViewModel.cs(135,16): warning CS8618: Le champ ┬½┬á_context┬á┬╗ non-nullable doit contenir une valeur autre que Null lors de la fermeture du constructeur. Envisagez dÔÇÖajouter le modificateur ┬½┬árequired┬á┬╗ ou de d├®clarer le champ comme pouvant accepter la valeur Null. [s:\PROGRAMATION\SystemeCaisse\SystemeCaisse.UI\SystemeCaisse.UI_s114rl22_wpftmp.csproj]
s:\PROGRAMATION\SystemeCaisse\SystemeCaisse.UI\ViewModels\StocksViewModel.cs(135,16): warning CS8618: Le champ ┬½┬á_filterSearch┬á┬╗ non-nullable doit contenir une valeur autre que Null lors de la fermeture du constructeur. Envisagez dÔÇÖajouter le modificateur ┬½┬árequired┬á┬╗ ou de d├®clarer le champ comme pouvant accepter la valeur Null. [s:\PROGRAMATION\SystemeCaisse\SystemeCaisse.UI\SystemeCaisse.UI_s114rl22_wpftmp.csproj]
s:\PROGRAMATION\SystemeCaisse\SystemeCaisse.UI\ViewModels\StocksViewModel.cs(135,16): warning CS8618: Le champ ┬½┬á_commentaireMouvement┬á┬╗ non-nullable doit contenir une valeur autre que Null lors de la fermeture du constructeur. Envisagez dÔÇÖajouter le modificateur ┬½┬árequired┬á┬╗ ou de d├®clarer le champ comme pouvant accepter la valeur Null. [s:\PROGRAMATION\SystemeCaisse\SystemeCaisse.UI\SystemeCaisse.UI_s114rl22_wpftmp.csproj]
s:\PROGRAMATION\SystemeCaisse\SystemeCaisse.UI\ViewModels\SettingsViewModel.cs(37,16): warning CS8618: Le champ ┬½┬á_entrepriseInfo┬á┬╗ non-nullable doit contenir une valeur autre que Null lors de la fermeture du constructeur. Envisagez dÔÇÖajouter le modificateur ┬½┬árequired┬á┬╗ ou de d├®clarer le champ comme pouvant accepter la valeur Null. [s:\PROGRAMATION\SystemeCaisse\SystemeCaisse.UI\SystemeCaisse.UI_s114rl22_wpftmp.csproj]
s:\PROGRAMATION\SystemeCaisse\SystemeCaisse.UI\ViewModels\SettingsViewModel.cs(37,16): warning CS8618: Le champ ┬½┬á_selectedPrinter┬á┬╗ non-nullable doit contenir une valeur autre que Null lors de la fermeture du constructeur. Envisagez dÔÇÖajouter le modificateur ┬½┬árequired┬á┬╗ ou de d├®clarer le champ comme pouvant accepter la valeur Null. [s:\PROGRAMATION\SystemeCaisse\SystemeCaisse.UI\SystemeCaisse.UI_s114rl22_wpftmp.csproj]
s:\PROGRAMATION\SystemeCaisse\SystemeCaisse.UI\ViewModels\ProductsViewModel.cs(53,16): warning CS8618: Le champ ┬½┬á_context┬á┬╗ non-nullable doit contenir une valeur autre que Null lors de la fermeture du constructeur. Envisagez dÔÇÖajouter le modificateur ┬½┬árequired┬á┬╗ ou de d├®clarer le champ comme pouvant accepter la valeur Null. [s:\PROGRAMATION\SystemeCaisse\SystemeCaisse.UI\SystemeCaisse.UI_s114rl22_wpftmp.csproj]
s:\PROGRAMATION\SystemeCaisse\SystemeCaisse.UI\ViewModels\ProductsViewModel.cs(53,16): warning CS8618: Le champ ┬½┬á_products┬á┬╗ non-nullable doit contenir une valeur autre que Null lors de la fermeture du constructeur. Envisagez dÔÇÖajouter le modificateur ┬½┬árequired┬á┬╗ ou de d├®clarer le champ comme pouvant accepter la valeur Null. [s:\PROGRAMATION\SystemeCaisse\SystemeCaisse.UI\SystemeCaisse.UI_s114rl22_wpftmp.csproj]
s:\PROGRAMATION\SystemeCaisse\SystemeCaisse.UI\ViewModels\ProductsViewModel.cs(53,16): warning CS8618: Le propri├®t├® ┬½┬áProductsCollectionView┬á┬╗ non-nullable doit contenir une valeur autre que Null lors de la fermeture du constructeur. Envisagez dÔÇÖajouter le modificateur ┬½┬árequired┬á┬╗ ou de d├®clarer le propri├®t├® comme pouvant accepter la valeur Null. [s:\PROGRAMATION\SystemeCaisse\SystemeCaisse.UI\SystemeCaisse.UI_s114rl22_wpftmp.csproj]
s:\PROGRAMATION\SystemeCaisse\SystemeCaisse.UI\ViewModels\InventoryViewModel.cs(31,13): warning CS4014: Dans la mesure o├╣ cet appel n'est pas attendu, l'ex├®cution de la m├®thode actuelle continue avant la fin de l'appel. Envisagez d'appliquer l'op├®rateur 'await' au r├®sultat de l'appel. [s:\PROGRAMATION\SystemeCaisse\SystemeCaisse.UI\SystemeCaisse.UI_s114rl22_wpftmp.csproj]
s:\PROGRAMATION\SystemeCaisse\SystemeCaisse.UI\ViewModels\DiscountViewModel.cs(36,32): warning CS8601: Existence possible d'une assignation de r├®f├®rence null. [s:\PROGRAMATION\SystemeCaisse\SystemeCaisse.UI\SystemeCaisse.UI_s114rl22_wpftmp.csproj]
s:\PROGRAMATION\SystemeCaisse\SystemeCaisse.UI\ViewModels\DiscountViewModel.cs(31,16): warning CS8618: Le champ ┬½┬á_selectedItem┬á┬╗ non-nullable doit contenir une valeur autre que Null lors de la fermeture du constructeur. Envisagez dÔÇÖajouter le modificateur ┬½┬árequired┬á┬╗ ou de d├®clarer le champ comme pouvant accepter la valeur Null. [s:\PROGRAMATION\SystemeCaisse\SystemeCaisse.UI\SystemeCaisse.UI_s114rl22_wpftmp.csproj]
s:\PROGRAMATION\SystemeCaisse\SystemeCaisse.UI\ViewModels\DiscountViewModel.cs(31,16): warning CS8618: Le propri├®t├® ┬½┬áCloseAction┬á┬╗ non-nullable doit contenir une valeur autre que Null lors de la fermeture du constructeur. Envisagez dÔÇÖajouter le modificateur ┬½┬árequired┬á┬╗ ou de d├®clarer le propri├®t├® comme pouvant accepter la valeur Null. [s:\PROGRAMATION\SystemeCaisse\SystemeCaisse.UI\SystemeCaisse.UI_s114rl22_wpftmp.csproj]
s:\PROGRAMATION\SystemeCaisse\SystemeCaisse.UI\ViewModels\HistoryViewModel.cs(109,38): warning CS8602: D├®r├®f├®rencement d'une ├®ventuelle r├®f├®rence null. [s:\PROGRAMATION\SystemeCaisse\SystemeCaisse.UI\SystemeCaisse.UI_s114rl22_wpftmp.csproj]
s:\PROGRAMATION\SystemeCaisse\SystemeCaisse.UI\ViewModels\HistoryViewModel.cs(118,38): warning CS8602: D├®r├®f├®rencement d'une ├®ventuelle r├®f├®rence null. [s:\PROGRAMATION\SystemeCaisse\SystemeCaisse.UI\SystemeCaisse.UI_s114rl22_wpftmp.csproj]
s:\PROGRAMATION\SystemeCaisse\SystemeCaisse.UI\ViewModels\HistoryViewModel.cs(125,69): warning CS8604: Existence possible d'un argument de r├®f├®rence null pour le param├¿tre 'period' dans 'void HistoryViewModel.SetPeriod(string period)'. [s:\PROGRAMATION\SystemeCaisse\SystemeCaisse.UI\SystemeCaisse.UI_s114rl22_wpftmp.csproj]
s:\PROGRAMATION\SystemeCaisse\SystemeCaisse.UI\ViewModels\HistoryViewModel.cs(98,16): warning CS8618: Le champ ┬½┬á_context┬á┬╗ non-nullable doit contenir une valeur autre que Null lors de la fermeture du constructeur. Envisagez dÔÇÖajouter le modificateur ┬½┬árequired┬á┬╗ ou de d├®clarer le champ comme pouvant accepter la valeur Null. [s:\PROGRAMATION\SystemeCaisse\SystemeCaisse.UI\SystemeCaisse.UI_s114rl22_wpftmp.csproj]
s:\PROGRAMATION\SystemeCaisse\SystemeCaisse.UI\ViewModels\HistoryViewModel.cs(98,16): warning CS8618: Le propri├®t├® ┬½┬áSales┬á┬╗ non-nullable doit contenir une valeur autre que Null lors de la fermeture du constructeur. Envisagez dÔÇÖajouter le modificateur ┬½┬árequired┬á┬╗ ou de d├®clarer le propri├®t├® comme pouvant accepter la valeur Null. [s:\PROGRAMATION\SystemeCaisse\SystemeCaisse.UI\SystemeCaisse.UI_s114rl22_wpftmp.csproj]
s:\PROGRAMATION\SystemeCaisse\SystemeCaisse.UI\ViewModels\HistoryViewModel.cs(98,16): warning CS8618: Le champ ┬½┬á_selectedSale┬á┬╗ non-nullable doit contenir une valeur autre que Null lors de la fermeture du constructeur. Envisagez dÔÇÖajouter le modificateur ┬½┬árequired┬á┬╗ ou de d├®clarer le champ comme pouvant accepter la valeur Null. [s:\PROGRAMATION\SystemeCaisse\SystemeCaisse.UI\SystemeCaisse.UI_s114rl22_wpftmp.csproj]
s:\PROGRAMATION\SystemeCaisse\SystemeCaisse.UI\ViewModels\SettingsViewModel.cs(80,58): warning CS8601: Existence possible d'une assignation de r├®f├®rence null. [s:\PROGRAMATION\SystemeCaisse\SystemeCaisse.UI\SystemeCaisse.UI_s114rl22_wpftmp.csproj]
s:\PROGRAMATION\SystemeCaisse\SystemeCaisse.UI\ViewModels\PromotionsViewModel.cs(152,13): warning CS4014: Dans la mesure o├╣ cet appel n'est pas attendu, l'ex├®cution de la m├®thode actuelle continue avant la fin de l'appel. Envisagez d'appliquer l'op├®rateur 'await' au r├®sultat de l'appel. [s:\PROGRAMATION\SystemeCaisse\SystemeCaisse.UI\SystemeCaisse.UI_s114rl22_wpftmp.csproj]
s:\PROGRAMATION\SystemeCaisse\SystemeCaisse.UI\ViewModels\PromotionsViewModel.cs(146,16): warning CS8618: Le champ ┬½┬á_selectedPromotion┬á┬╗ non-nullable doit contenir une valeur autre que Null lors de la fermeture du constructeur. Envisagez dÔÇÖajouter le modificateur ┬½┬árequired┬á┬╗ ou de d├®clarer le champ comme pouvant accepter la valeur Null. [s:\PROGRAMATION\SystemeCaisse\SystemeCaisse.UI\SystemeCaisse.UI_s114rl22_wpftmp.csproj]
s:\PROGRAMATION\SystemeCaisse\SystemeCaisse.UI\Views\QuickAddProductWindow.xaml.cs(13,16): warning CS8618: Le propri├®t├® ┬½┬áNewProduct┬á┬╗ non-nullable doit contenir une valeur autre que Null lors de la fermeture du constructeur. Envisagez dÔÇÖajouter le modificateur ┬½┬árequired┬á┬╗ ou de d├®clarer le propri├®t├® comme pouvant accepter la valeur Null. [s:\PROGRAMATION\SystemeCaisse\SystemeCaisse.UI\SystemeCaisse.UI_s114rl22_wpftmp.csproj]
s:\PROGRAMATION\SystemeCaisse\SystemeCaisse.UI\Controls\SimpleLineChart.xaml.cs(80,20): warning CS0219: La variable 'minVal' est assign├®e, mais sa valeur n'est jamais utilis├®e [s:\PROGRAMATION\SystemeCaisse\SystemeCaisse.UI\SystemeCaisse.UI_s114rl22_wpftmp.csproj]
s:\PROGRAMATION\SystemeCaisse\SystemeCaisse.UI\ViewModels\MainViewModel.cs(321,17): warning CS4014: Dans la mesure o├╣ cet appel n'est pas attendu, l'ex├®cution de la m├®thode actuelle continue avant la fin de l'appel. Envisagez d'appliquer l'op├®rateur 'await' au r├®sultat de l'appel. [s:\PROGRAMATION\SystemeCaisse\SystemeCaisse.UI\SystemeCaisse.UI_s114rl22_wpftmp.csproj]
s:\PROGRAMATION\SystemeCaisse\SystemeCaisse.UI\ViewModels\MainViewModel.cs(321,77): warning CS8602: D├®r├®f├®rencement d'une ├®ventuelle r├®f├®rence null. [s:\PROGRAMATION\SystemeCaisse\SystemeCaisse.UI\SystemeCaisse.UI_s114rl22_wpftmp.csproj]
s:\PROGRAMATION\SystemeCaisse\SystemeCaisse.UI\Services\PrintService.cs(125,30): warning CS0168: La variable 'ex' est d├®clar├®e, mais jamais utilis├®e [s:\PROGRAMATION\SystemeCaisse\SystemeCaisse.UI\SystemeCaisse.UI_s114rl22_wpftmp.csproj]
s:\PROGRAMATION\SystemeCaisse\SystemeCaisse.UI\ViewModels\MainViewModel.cs(458,17): warning CS4014: Dans la mesure o├╣ cet appel n'est pas attendu, l'ex├®cution de la m├®thode actuelle continue avant la fin de l'appel. Envisagez d'appliquer l'op├®rateur 'await' au r├®sultat de l'appel. [s:\PROGRAMATION\SystemeCaisse\SystemeCaisse.UI\SystemeCaisse.UI_s114rl22_wpftmp.csproj]
s:\PROGRAMATION\SystemeCaisse\SystemeCaisse.UI\ViewModels\MainViewModel.cs(549,75): warning CS8620: Impossible d'utiliser l'argument de type 'List<string?>' pour le param├¿tre 'categories' de type 'IEnumerable<string>' dans 'QuickAddProductWindow.QuickAddProductWindow(string barcode, IEnumerable<string> categories)'. En effet, il existe des diff├®rences dans l'acceptation des valeurs null par les types r├®f├®rence. [s:\PROGRAMATION\SystemeCaisse\SystemeCaisse.UI\SystemeCaisse.UI_s114rl22_wpftmp.csproj]
s:\PROGRAMATION\SystemeCaisse\SystemeCaisse.UI\ViewModels\AnalysisViewModel.cs(203,17): warning CS4014: Dans la mesure o├╣ cet appel n'est pas attendu, l'ex├®cution de la m├®thode actuelle continue avant la fin de l'appel. Envisagez d'appliquer l'op├®rateur 'await' au r├®sultat de l'appel. [s:\PROGRAMATION\SystemeCaisse\SystemeCaisse.UI\SystemeCaisse.UI_s114rl22_wpftmp.csproj]
s:\PROGRAMATION\SystemeCaisse\SystemeCaisse.UI\ViewModels\MainViewModel.cs(702,21): warning CS4014: Dans la mesure o├╣ cet appel n'est pas attendu, l'ex├®cution de la m├®thode actuelle continue avant la fin de l'appel. Envisagez d'appliquer l'op├®rateur 'await' au r├®sultat de l'appel. [s:\PROGRAMATION\SystemeCaisse\SystemeCaisse.UI\SystemeCaisse.UI_s114rl22_wpftmp.csproj]
s:\PROGRAMATION\SystemeCaisse\SystemeCaisse.UI\ViewModels\MainViewModel.cs(614,37): warning CS8601: Existence possible d'une assignation de r├®f├®rence null. [s:\PROGRAMATION\SystemeCaisse\SystemeCaisse.UI\SystemeCaisse.UI_s114rl22_wpftmp.csproj]
s:\PROGRAMATION\SystemeCaisse\SystemeCaisse.UI\ViewModels\AnalysisViewModel.cs(241,37): error CS0246: Le nom de type ou d'espace de noms 'Brush' est introuvable (vous manque-t-il une directive using ou une r├®f├®rence d'assembly┬á?) [s:\PROGRAMATION\SystemeCaisse\SystemeCaisse.UI\SystemeCaisse.UI_s114rl22_wpftmp.csproj]
s:\PROGRAMATION\SystemeCaisse\SystemeCaisse.UI\ViewModels\AnalysisViewModel.cs(243,21): error CS0246: Le nom de type ou d'espace de noms 'SolidColorBrush' est introuvable (vous manque-t-il une directive using ou une r├®f├®rence d'assembly┬á?) [s:\PROGRAMATION\SystemeCaisse\SystemeCaisse.UI\SystemeCaisse.UI_s114rl22_wpftmp.csproj]
s:\PROGRAMATION\SystemeCaisse\SystemeCaisse.UI\ViewModels\AnalysisViewModel.cs(243,37): error CS0103: Le nom 'Color' n'existe pas dans le contexte actuel [s:\PROGRAMATION\SystemeCaisse\SystemeCaisse.UI\SystemeCaisse.UI_s114rl22_wpftmp.csproj]
s:\PROGRAMATION\SystemeCaisse\SystemeCaisse.UI\ViewModels\AnalysisViewModel.cs(244,21): error CS0246: Le nom de type ou d'espace de noms 'SolidColorBrush' est introuvable (vous manque-t-il une directive using ou une r├®f├®rence d'assembly┬á?) [s:\PROGRAMATION\SystemeCaisse\SystemeCaisse.UI\SystemeCaisse.UI_s114rl22_wpftmp.csproj]
s:\PROGRAMATION\SystemeCaisse\SystemeCaisse.UI\ViewModels\AnalysisViewModel.cs(244,37): error CS0103: Le nom 'Color' n'existe pas dans le contexte actuel [s:\PROGRAMATION\SystemeCaisse\SystemeCaisse.UI\SystemeCaisse.UI_s114rl22_wpftmp.csproj]
s:\PROGRAMATION\SystemeCaisse\SystemeCaisse.UI\ViewModels\AnalysisViewModel.cs(245,21): error CS0246: Le nom de type ou d'espace de noms 'SolidColorBrush' est introuvable (vous manque-t-il une directive using ou une r├®f├®rence d'assembly┬á?) [s:\PROGRAMATION\SystemeCaisse\SystemeCaisse.UI\SystemeCaisse.UI_s114rl22_wpftmp.csproj]
s:\PROGRAMATION\SystemeCaisse\SystemeCaisse.UI\ViewModels\AnalysisViewModel.cs(245,37): error CS0103: Le nom 'Color' n'existe pas dans le contexte actuel [s:\PROGRAMATION\SystemeCaisse\SystemeCaisse.UI\SystemeCaisse.UI_s114rl22_wpftmp.csproj]
s:\PROGRAMATION\SystemeCaisse\SystemeCaisse.UI\ViewModels\AnalysisViewModel.cs(246,21): error CS0246: Le nom de type ou d'espace de noms 'SolidColorBrush' est introuvable (vous manque-t-il une directive using ou une r├®f├®rence d'assembly┬á?) [s:\PROGRAMATION\SystemeCaisse\SystemeCaisse.UI\SystemeCaisse.UI_s114rl22_wpftmp.csproj]
s:\PROGRAMATION\SystemeCaisse\SystemeCaisse.UI\ViewModels\AnalysisViewModel.cs(246,37): error CS0103: Le nom 'Color' n'existe pas dans le contexte actuel [s:\PROGRAMATION\SystemeCaisse\SystemeCaisse.UI\SystemeCaisse.UI_s114rl22_wpftmp.csproj]
s:\PROGRAMATION\SystemeCaisse\SystemeCaisse.UI\ViewModels\AnalysisViewModel.cs(247,21): error CS0246: Le nom de type ou d'espace de noms 'SolidColorBrush' est introuvable (vous manque-t-il une directive using ou une r├®f├®rence d'assembly┬á?) [s:\PROGRAMATION\SystemeCaisse\SystemeCaisse.UI\SystemeCaisse.UI_s114rl22_wpftmp.csproj]
s:\PROGRAMATION\SystemeCaisse\SystemeCaisse.UI\ViewModels\AnalysisViewModel.cs(247,37): error CS0103: Le nom 'Color' n'existe pas dans le contexte actuel [s:\PROGRAMATION\SystemeCaisse\SystemeCaisse.UI\SystemeCaisse.UI_s114rl22_wpftmp.csproj]
s:\PROGRAMATION\SystemeCaisse\SystemeCaisse.UI\ViewModels\AnalysisViewModel.cs(248,21): error CS0246: Le nom de type ou d'espace de noms 'SolidColorBrush' est introuvable (vous manque-t-il une directive using ou une r├®f├®rence d'assembly┬á?) [s:\PROGRAMATION\SystemeCaisse\SystemeCaisse.UI\SystemeCaisse.UI_s114rl22_wpftmp.csproj]
s:\PROGRAMATION\SystemeCaisse\SystemeCaisse.UI\ViewModels\AnalysisViewModel.cs(248,37): error CS0103: Le nom 'Color' n'existe pas dans le contexte actuel [s:\PROGRAMATION\SystemeCaisse\SystemeCaisse.UI\SystemeCaisse.UI_s114rl22_wpftmp.csproj]
s:\PROGRAMATION\SystemeCaisse\SystemeCaisse.UI\ViewModels\AnalysisViewModel.cs(249,21): error CS0246: Le nom de type ou d'espace de noms 'SolidColorBrush' est introuvable (vous manque-t-il une directive using ou une r├®f├®rence d'assembly┬á?) [s:\PROGRAMATION\SystemeCaisse\SystemeCaisse.UI\SystemeCaisse.UI_s114rl22_wpftmp.csproj]
s:\PROGRAMATION\SystemeCaisse\SystemeCaisse.UI\ViewModels\AnalysisViewModel.cs(249,37): error CS0103: Le nom 'Color' n'existe pas dans le contexte actuel [s:\PROGRAMATION\SystemeCaisse\SystemeCaisse.UI\SystemeCaisse.UI_s114rl22_wpftmp.csproj]
s:\PROGRAMATION\SystemeCaisse\SystemeCaisse.UI\ViewModels\AnalysisViewModel.cs(260,141): error CS0246: Le nom de type ou d'espace de noms 'SolidColorBrush' est introuvable (vous manque-t-il une directive using ou une r├®f├®rence d'assembly┬á?) [s:\PROGRAMATION\SystemeCaisse\SystemeCaisse.UI\SystemeCaisse.UI_s114rl22_wpftmp.csproj]
s:\PROGRAMATION\SystemeCaisse\SystemeCaisse.UI\ViewModels\AnalysisViewModel.cs(260,157): error CS0103: Le nom 'Color' n'existe pas dans le contexte actuel [s:\PROGRAMATION\SystemeCaisse\SystemeCaisse.UI\SystemeCaisse.UI_s114rl22_wpftmp.csproj]
s:\PROGRAMATION\SystemeCaisse\SystemeCaisse.UI\ViewModels\AnalysisViewModel.cs(273,162): error CS0246: Le nom de type ou d'espace de noms 'SolidColorBrush' est introuvable (vous manque-t-il une directive using ou une r├®f├®rence d'assembly┬á?) [s:\PROGRAMATION\SystemeCaisse\SystemeCaisse.UI\SystemeCaisse.UI_s114rl22_wpftmp.csproj]
s:\PROGRAMATION\SystemeCaisse\SystemeCaisse.UI\ViewModels\AnalysisViewModel.cs(273,178): error CS0103: Le nom 'Color' n'existe pas dans le contexte actuel [s:\PROGRAMATION\SystemeCaisse\SystemeCaisse.UI\SystemeCaisse.UI_s114rl22_wpftmp.csproj]
s:\PROGRAMATION\SystemeCaisse\SystemeCaisse.UI\ViewModels\AnalysisViewModel.cs(318,22): warning CS0414: Le champ 'AnalysisViewModel._isDisposed' est assign├®, mais sa valeur n'est jamais utilis├®e [s:\PROGRAMATION\SystemeCaisse\SystemeCaisse.UI\SystemeCaisse.UI_s114rl22_wpftmp.csproj]

├ëCHEC de la build.

s:\PROGRAMATION\SystemeCaisse\SystemeCaisse.UI\ViewModels\BasicRelayCommand.cs(17,21): warning CS8767: La nullabilit├® des types r├®f├®rence dans le type du param├¿tre 'parameter' de 'bool BasicRelayCommand.CanExecute(object parameter)' ne correspond pas au membre impl├®ment├® implicitement 'bool ICommand.CanExecute(object? parameter)' (probablement en raison des attributs de nullabilit├®). [s:\PROGRAMATION\SystemeCaisse\SystemeCaisse.UI\SystemeCaisse.UI_s114rl22_wpftmp.csproj]
s:\PROGRAMATION\SystemeCaisse\SystemeCaisse.UI\ViewModels\BasicRelayCommand.cs(19,21): warning CS8767: La nullabilit├® des types r├®f├®rence dans le type du param├¿tre 'parameter' de 'void BasicRelayCommand.Execute(object parameter)' ne correspond pas au membre impl├®ment├® implicitement 'void ICommand.Execute(object? parameter)' (probablement en raison des attributs de nullabilit├®). [s:\PROGRAMATION\SystemeCaisse\SystemeCaisse.UI\SystemeCaisse.UI_s114rl22_wpftmp.csproj]
s:\PROGRAMATION\SystemeCaisse\SystemeCaisse.UI\ViewModels\BasicRelayCommand.cs(21,35): warning CS8612: La nullabilit├® des types r├®f├®rence dans le type de 'event EventHandler BasicRelayCommand.CanExecuteChanged' ne correspond pas au membre impl├®ment├® implicitement 'event EventHandler? ICommand.CanExecuteChanged'. [s:\PROGRAMATION\SystemeCaisse\SystemeCaisse.UI\SystemeCaisse.UI_s114rl22_wpftmp.csproj]
s:\PROGRAMATION\SystemeCaisse\SystemeCaisse.UI\ViewModels\BasicRelayCommand.cs(11,89): warning CS8625: Impossible de convertir un litt├®ral ayant une valeur null en type r├®f├®rence non-nullable. [s:\PROGRAMATION\SystemeCaisse\SystemeCaisse.UI\SystemeCaisse.UI_s114rl22_wpftmp.csproj]
s:\PROGRAMATION\SystemeCaisse\SystemeCaisse.UI\ViewModels\HistoryViewModel.cs(196,75): warning CS8625: Impossible de convertir un litt├®ral ayant une valeur null en type r├®f├®rence non-nullable. [s:\PROGRAMATION\SystemeCaisse\SystemeCaisse.UI\SystemeCaisse.UI_s114rl22_wpftmp.csproj]
s:\PROGRAMATION\SystemeCaisse\SystemeCaisse.UI\ViewModels\DiscountViewModel.cs(31,108): warning CS8625: Impossible de convertir un litt├®ral ayant une valeur null en type r├®f├®rence non-nullable. [s:\PROGRAMATION\SystemeCaisse\SystemeCaisse.UI\SystemeCaisse.UI_s114rl22_wpftmp.csproj]
s:\PROGRAMATION\SystemeCaisse\SystemeCaisse.UI\ViewModels\StocksViewModel.cs(323,75): warning CS8625: Impossible de convertir un litt├®ral ayant une valeur null en type r├®f├®rence non-nullable. [s:\PROGRAMATION\SystemeCaisse\SystemeCaisse.UI\SystemeCaisse.UI_s114rl22_wpftmp.csproj]
s:\PROGRAMATION\SystemeCaisse\SystemeCaisse.UI\Models\DashboardModels.cs(8,23): warning CS8618: Le propri├®t├® ┬½┬áProductName┬á┬╗ non-nullable doit contenir une valeur autre que Null lors de la fermeture du constructeur. Envisagez dÔÇÖajouter le modificateur ┬½┬árequired┬á┬╗ ou de d├®clarer le propri├®t├® comme pouvant accepter la valeur Null. [s:\PROGRAMATION\SystemeCaisse\SystemeCaisse.UI\SystemeCaisse.UI_s114rl22_wpftmp.csproj]
s:\PROGRAMATION\SystemeCaisse\SystemeCaisse.UI\Models\DashboardModels.cs(16,23): warning CS8618: Le propri├®t├® ┬½┬áLabel┬á┬╗ non-nullable doit contenir une valeur autre que Null lors de la fermeture du constructeur. Envisagez dÔÇÖajouter le modificateur ┬½┬árequired┬á┬╗ ou de d├®clarer le propri├®t├® comme pouvant accepter la valeur Null. [s:\PROGRAMATION\SystemeCaisse\SystemeCaisse.UI\SystemeCaisse.UI_s114rl22_wpftmp.csproj]
s:\PROGRAMATION\SystemeCaisse\SystemeCaisse.UI\Models\DashboardModels.cs(23,23): warning CS8618: Le propri├®t├® ┬½┬áLabel┬á┬╗ non-nullable doit contenir une valeur autre que Null lors de la fermeture du constructeur. Envisagez dÔÇÖajouter le modificateur ┬½┬árequired┬á┬╗ ou de d├®clarer le propri├®t├® comme pouvant accepter la valeur Null. [s:\PROGRAMATION\SystemeCaisse\SystemeCaisse.UI\SystemeCaisse.UI_s114rl22_wpftmp.csproj]
s:\PROGRAMATION\SystemeCaisse\SystemeCaisse.UI\Models\DashboardModels.cs(31,23): warning CS8618: Le propri├®t├® ┬½┬áLabel┬á┬╗ non-nullable doit contenir une valeur autre que Null lors de la fermeture du constructeur. Envisagez dÔÇÖajouter le modificateur ┬½┬árequired┬á┬╗ ou de d├®clarer le propri├®t├® comme pouvant accepter la valeur Null. [s:\PROGRAMATION\SystemeCaisse\SystemeCaisse.UI\SystemeCaisse.UI_s114rl22_wpftmp.csproj]
s:\PROGRAMATION\SystemeCaisse\SystemeCaisse.UI\Models\DashboardModels.cs(33,22): warning CS8618: Le propri├®t├® ┬½┬áColorBrush┬á┬╗ non-nullable doit contenir une valeur autre que Null lors de la fermeture du constructeur. Envisagez dÔÇÖajouter le modificateur ┬½┬árequired┬á┬╗ ou de d├®clarer le propri├®t├® comme pouvant accepter la valeur Null. [s:\PROGRAMATION\SystemeCaisse\SystemeCaisse.UI\SystemeCaisse.UI_s114rl22_wpftmp.csproj]
s:\PROGRAMATION\SystemeCaisse\SystemeCaisse.UI\Views\CartItemSelectionWindow.xaml.cs(11,16): warning CS8618: Le propri├®t├® ┬½┬áSelectedItem┬á┬╗ non-nullable doit contenir une valeur autre que Null lors de la fermeture du constructeur. Envisagez dÔÇÖajouter le modificateur ┬½┬árequired┬á┬╗ ou de d├®clarer le propri├®t├® comme pouvant accepter la valeur Null. [s:\PROGRAMATION\SystemeCaisse\SystemeCaisse.UI\SystemeCaisse.UI_s114rl22_wpftmp.csproj]
s:\PROGRAMATION\SystemeCaisse\SystemeCaisse.UI\Converters\StringToVisibilityConverter.cs(14,34): warning CS8600: Conversion de litt├®ral ayant une valeur null ou d'une ├®ventuelle valeur null en type non-nullable. [s:\PROGRAMATION\SystemeCaisse\SystemeCaisse.UI\SystemeCaisse.UI_s114rl22_wpftmp.csproj]
s:\PROGRAMATION\SystemeCaisse\SystemeCaisse.UI\Converters\StringToVisibilityConverter.cs(22,39): warning CS8602: D├®r├®f├®rencement d'une ├®ventuelle r├®f├®rence null. [s:\PROGRAMATION\SystemeCaisse\SystemeCaisse.UI\SystemeCaisse.UI_s114rl22_wpftmp.csproj]
s:\PROGRAMATION\SystemeCaisse\SystemeCaisse.UI\Views\CartItemSelectionWindow.xaml.cs(19,28): warning CS8601: Existence possible d'une assignation de r├®f├®rence null. [s:\PROGRAMATION\SystemeCaisse\SystemeCaisse.UI\SystemeCaisse.UI_s114rl22_wpftmp.csproj]
s:\PROGRAMATION\SystemeCaisse\SystemeCaisse.UI\ViewModels\CartItemViewModel.cs(22,35): warning CS8603: Existence possible d'un retour de r├®f├®rence null. [s:\PROGRAMATION\SystemeCaisse\SystemeCaisse.UI\SystemeCaisse.UI_s114rl22_wpftmp.csproj]
s:\PROGRAMATION\SystemeCaisse\SystemeCaisse.UI\ViewModels\StocksViewModel.cs(135,16): warning CS8618: Le champ ┬½┬á_context┬á┬╗ non-nullable doit contenir une valeur autre que Null lors de la fermeture du constructeur. Envisagez dÔÇÖajouter le modificateur ┬½┬árequired┬á┬╗ ou de d├®clarer le champ comme pouvant accepter la valeur Null. [s:\PROGRAMATION\SystemeCaisse\SystemeCaisse.UI\SystemeCaisse.UI_s114rl22_wpftmp.csproj]
s:\PROGRAMATION\SystemeCaisse\SystemeCaisse.UI\ViewModels\StocksViewModel.cs(135,16): warning CS8618: Le champ ┬½┬á_filterSearch┬á┬╗ non-nullable doit contenir une valeur autre que Null lors de la fermeture du constructeur. Envisagez dÔÇÖajouter le modificateur ┬½┬árequired┬á┬╗ ou de d├®clarer le champ comme pouvant accepter la valeur Null. [s:\PROGRAMATION\SystemeCaisse\SystemeCaisse.UI\SystemeCaisse.UI_s114rl22_wpftmp.csproj]
s:\PROGRAMATION\SystemeCaisse\SystemeCaisse.UI\ViewModels\StocksViewModel.cs(135,16): warning CS8618: Le champ ┬½┬á_commentaireMouvement┬á┬╗ non-nullable doit contenir une valeur autre que Null lors de la fermeture du constructeur. Envisagez dÔÇÖajouter le modificateur ┬½┬árequired┬á┬╗ ou de d├®clarer le champ comme pouvant accepter la valeur Null. [s:\PROGRAMATION\SystemeCaisse\SystemeCaisse.UI\SystemeCaisse.UI_s114rl22_wpftmp.csproj]
s:\PROGRAMATION\SystemeCaisse\SystemeCaisse.UI\ViewModels\SettingsViewModel.cs(37,16): warning CS8618: Le champ ┬½┬á_entrepriseInfo┬á┬╗ non-nullable doit contenir une valeur autre que Null lors de la fermeture du constructeur. Envisagez dÔÇÖajouter le modificateur ┬½┬árequired┬á┬╗ ou de d├®clarer le champ comme pouvant accepter la valeur Null. [s:\PROGRAMATION\SystemeCaisse\SystemeCaisse.UI\SystemeCaisse.UI_s114rl22_wpftmp.csproj]
s:\PROGRAMATION\SystemeCaisse\SystemeCaisse.UI\ViewModels\SettingsViewModel.cs(37,16): warning CS8618: Le champ ┬½┬á_selectedPrinter┬á┬╗ non-nullable doit contenir une valeur autre que Null lors de la fermeture du constructeur. Envisagez dÔÇÖajouter le modificateur ┬½┬árequired┬á┬╗ ou de d├®clarer le champ comme pouvant accepter la valeur Null. [s:\PROGRAMATION\SystemeCaisse\SystemeCaisse.UI\SystemeCaisse.UI_s114rl22_wpftmp.csproj]
s:\PROGRAMATION\SystemeCaisse\SystemeCaisse.UI\ViewModels\ProductsViewModel.cs(53,16): warning CS8618: Le champ ┬½┬á_context┬á┬╗ non-nullable doit contenir une valeur autre que Null lors de la fermeture du constructeur. Envisagez dÔÇÖajouter le modificateur ┬½┬árequired┬á┬╗ ou de d├®clarer le champ comme pouvant accepter la valeur Null. [s:\PROGRAMATION\SystemeCaisse\SystemeCaisse.UI\SystemeCaisse.UI_s114rl22_wpftmp.csproj]
s:\PROGRAMATION\SystemeCaisse\SystemeCaisse.UI\ViewModels\ProductsViewModel.cs(53,16): warning CS8618: Le champ ┬½┬á_products┬á┬╗ non-nullable doit contenir une valeur autre que Null lors de la fermeture du constructeur. Envisagez dÔÇÖajouter le modificateur ┬½┬árequired┬á┬╗ ou de d├®clarer le champ comme pouvant accepter la valeur Null. [s:\PROGRAMATION\SystemeCaisse\SystemeCaisse.UI\SystemeCaisse.UI_s114rl22_wpftmp.csproj]
s:\PROGRAMATION\SystemeCaisse\SystemeCaisse.UI\ViewModels\ProductsViewModel.cs(53,16): warning CS8618: Le propri├®t├® ┬½┬áProductsCollectionView┬á┬╗ non-nullable doit contenir une valeur autre que Null lors de la fermeture du constructeur. Envisagez dÔÇÖajouter le modificateur ┬½┬árequired┬á┬╗ ou de d├®clarer le propri├®t├® comme pouvant accepter la valeur Null. [s:\PROGRAMATION\SystemeCaisse\SystemeCaisse.UI\SystemeCaisse.UI_s114rl22_wpftmp.csproj]
s:\PROGRAMATION\SystemeCaisse\SystemeCaisse.UI\ViewModels\InventoryViewModel.cs(31,13): warning CS4014: Dans la mesure o├╣ cet appel n'est pas attendu, l'ex├®cution de la m├®thode actuelle continue avant la fin de l'appel. Envisagez d'appliquer l'op├®rateur 'await' au r├®sultat de l'appel. [s:\PROGRAMATION\SystemeCaisse\SystemeCaisse.UI\SystemeCaisse.UI_s114rl22_wpftmp.csproj]
s:\PROGRAMATION\SystemeCaisse\SystemeCaisse.UI\ViewModels\DiscountViewModel.cs(36,32): warning CS8601: Existence possible d'une assignation de r├®f├®rence null. [s:\PROGRAMATION\SystemeCaisse\SystemeCaisse.UI\SystemeCaisse.UI_s114rl22_wpftmp.csproj]
s:\PROGRAMATION\SystemeCaisse\SystemeCaisse.UI\ViewModels\DiscountViewModel.cs(31,16): warning CS8618: Le champ ┬½┬á_selectedItem┬á┬╗ non-nullable doit contenir une valeur autre que Null lors de la fermeture du constructeur. Envisagez dÔÇÖajouter le modificateur ┬½┬árequired┬á┬╗ ou de d├®clarer le champ comme pouvant accepter la valeur Null. [s:\PROGRAMATION\SystemeCaisse\SystemeCaisse.UI\SystemeCaisse.UI_s114rl22_wpftmp.csproj]
s:\PROGRAMATION\SystemeCaisse\SystemeCaisse.UI\ViewModels\DiscountViewModel.cs(31,16): warning CS8618: Le propri├®t├® ┬½┬áCloseAction┬á┬╗ non-nullable doit contenir une valeur autre que Null lors de la fermeture du constructeur. Envisagez dÔÇÖajouter le modificateur ┬½┬árequired┬á┬╗ ou de d├®clarer le propri├®t├® comme pouvant accepter la valeur Null. [s:\PROGRAMATION\SystemeCaisse\SystemeCaisse.UI\SystemeCaisse.UI_s114rl22_wpftmp.csproj]
s:\PROGRAMATION\SystemeCaisse\SystemeCaisse.UI\ViewModels\HistoryViewModel.cs(109,38): warning CS8602: D├®r├®f├®rencement d'une ├®ventuelle r├®f├®rence null. [s:\PROGRAMATION\SystemeCaisse\SystemeCaisse.UI\SystemeCaisse.UI_s114rl22_wpftmp.csproj]
s:\PROGRAMATION\SystemeCaisse\SystemeCaisse.UI\ViewModels\HistoryViewModel.cs(118,38): warning CS8602: D├®r├®f├®rencement d'une ├®ventuelle r├®f├®rence null. [s:\PROGRAMATION\SystemeCaisse\SystemeCaisse.UI\SystemeCaisse.UI_s114rl22_wpftmp.csproj]
s:\PROGRAMATION\SystemeCaisse\SystemeCaisse.UI\ViewModels\HistoryViewModel.cs(125,69): warning CS8604: Existence possible d'un argument de r├®f├®rence null pour le param├¿tre 'period' dans 'void HistoryViewModel.SetPeriod(string period)'. [s:\PROGRAMATION\SystemeCaisse\SystemeCaisse.UI\SystemeCaisse.UI_s114rl22_wpftmp.csproj]
s:\PROGRAMATION\SystemeCaisse\SystemeCaisse.UI\ViewModels\HistoryViewModel.cs(98,16): warning CS8618: Le champ ┬½┬á_context┬á┬╗ non-nullable doit contenir une valeur autre que Null lors de la fermeture du constructeur. Envisagez dÔÇÖajouter le modificateur ┬½┬árequired┬á┬╗ ou de d├®clarer le champ comme pouvant accepter la valeur Null. [s:\PROGRAMATION\SystemeCaisse\SystemeCaisse.UI\SystemeCaisse.UI_s114rl22_wpftmp.csproj]
s:\PROGRAMATION\SystemeCaisse\SystemeCaisse.UI\ViewModels\HistoryViewModel.cs(98,16): warning CS8618: Le propri├®t├® ┬½┬áSales┬á┬╗ non-nullable doit contenir une valeur autre que Null lors de la fermeture du constructeur. Envisagez dÔÇÖajouter le modificateur ┬½┬árequired┬á┬╗ ou de d├®clarer le propri├®t├® comme pouvant accepter la valeur Null. [s:\PROGRAMATION\SystemeCaisse\SystemeCaisse.UI\SystemeCaisse.UI_s114rl22_wpftmp.csproj]
s:\PROGRAMATION\SystemeCaisse\SystemeCaisse.UI\ViewModels\HistoryViewModel.cs(98,16): warning CS8618: Le champ ┬½┬á_selectedSale┬á┬╗ non-nullable doit contenir une valeur autre que Null lors de la fermeture du constructeur. Envisagez dÔÇÖajouter le modificateur ┬½┬árequired┬á┬╗ ou de d├®clarer le champ comme pouvant accepter la valeur Null. [s:\PROGRAMATION\SystemeCaisse\SystemeCaisse.UI\SystemeCaisse.UI_s114rl22_wpftmp.csproj]
s:\PROGRAMATION\SystemeCaisse\SystemeCaisse.UI\ViewModels\SettingsViewModel.cs(80,58): warning CS8601: Existence possible d'une assignation de r├®f├®rence null. [s:\PROGRAMATION\SystemeCaisse\SystemeCaisse.UI\SystemeCaisse.UI_s114rl22_wpftmp.csproj]
s:\PROGRAMATION\SystemeCaisse\SystemeCaisse.UI\ViewModels\PromotionsViewModel.cs(152,13): warning CS4014: Dans la mesure o├╣ cet appel n'est pas attendu, l'ex├®cution de la m├®thode actuelle continue avant la fin de l'appel. Envisagez d'appliquer l'op├®rateur 'await' au r├®sultat de l'appel. [s:\PROGRAMATION\SystemeCaisse\SystemeCaisse.UI\SystemeCaisse.UI_s114rl22_wpftmp.csproj]
s:\PROGRAMATION\SystemeCaisse\SystemeCaisse.UI\ViewModels\PromotionsViewModel.cs(146,16): warning CS8618: Le champ ┬½┬á_selectedPromotion┬á┬╗ non-nullable doit contenir une valeur autre que Null lors de la fermeture du constructeur. Envisagez dÔÇÖajouter le modificateur ┬½┬árequired┬á┬╗ ou de d├®clarer le champ comme pouvant accepter la valeur Null. [s:\PROGRAMATION\SystemeCaisse\SystemeCaisse.UI\SystemeCaisse.UI_s114rl22_wpftmp.csproj]
s:\PROGRAMATION\SystemeCaisse\SystemeCaisse.UI\Views\QuickAddProductWindow.xaml.cs(13,16): warning CS8618: Le propri├®t├® ┬½┬áNewProduct┬á┬╗ non-nullable doit contenir une valeur autre que Null lors de la fermeture du constructeur. Envisagez dÔÇÖajouter le modificateur ┬½┬árequired┬á┬╗ ou de d├®clarer le propri├®t├® comme pouvant accepter la valeur Null. [s:\PROGRAMATION\SystemeCaisse\SystemeCaisse.UI\SystemeCaisse.UI_s114rl22_wpftmp.csproj]
s:\PROGRAMATION\SystemeCaisse\SystemeCaisse.UI\Controls\SimpleLineChart.xaml.cs(80,20): warning CS0219: La variable 'minVal' est assign├®e, mais sa valeur n'est jamais utilis├®e [s:\PROGRAMATION\SystemeCaisse\SystemeCaisse.UI\SystemeCaisse.UI_s114rl22_wpftmp.csproj]
s:\PROGRAMATION\SystemeCaisse\SystemeCaisse.UI\ViewModels\MainViewModel.cs(321,17): warning CS4014: Dans la mesure o├╣ cet appel n'est pas attendu, l'ex├®cution de la m├®thode actuelle continue avant la fin de l'appel. Envisagez d'appliquer l'op├®rateur 'await' au r├®sultat de l'appel. [s:\PROGRAMATION\SystemeCaisse\SystemeCaisse.UI\SystemeCaisse.UI_s114rl22_wpftmp.csproj]
s:\PROGRAMATION\SystemeCaisse\SystemeCaisse.UI\ViewModels\MainViewModel.cs(321,77): warning CS8602: D├®r├®f├®rencement d'une ├®ventuelle r├®f├®rence null. [s:\PROGRAMATION\SystemeCaisse\SystemeCaisse.UI\SystemeCaisse.UI_s114rl22_wpftmp.csproj]
s:\PROGRAMATION\SystemeCaisse\SystemeCaisse.UI\Services\PrintService.cs(125,30): warning CS0168: La variable 'ex' est d├®clar├®e, mais jamais utilis├®e [s:\PROGRAMATION\SystemeCaisse\SystemeCaisse.UI\SystemeCaisse.UI_s114rl22_wpftmp.csproj]
s:\PROGRAMATION\SystemeCaisse\SystemeCaisse.UI\ViewModels\MainViewModel.cs(458,17): warning CS4014: Dans la mesure o├╣ cet appel n'est pas attendu, l'ex├®cution de la m├®thode actuelle continue avant la fin de l'appel. Envisagez d'appliquer l'op├®rateur 'await' au r├®sultat de l'appel. [s:\PROGRAMATION\SystemeCaisse\SystemeCaisse.UI\SystemeCaisse.UI_s114rl22_wpftmp.csproj]
s:\PROGRAMATION\SystemeCaisse\SystemeCaisse.UI\ViewModels\MainViewModel.cs(549,75): warning CS8620: Impossible d'utiliser l'argument de type 'List<string?>' pour le param├¿tre 'categories' de type 'IEnumerable<string>' dans 'QuickAddProductWindow.QuickAddProductWindow(string barcode, IEnumerable<string> categories)'. En effet, il existe des diff├®rences dans l'acceptation des valeurs null par les types r├®f├®rence. [s:\PROGRAMATION\SystemeCaisse\SystemeCaisse.UI\SystemeCaisse.UI_s114rl22_wpftmp.csproj]
s:\PROGRAMATION\SystemeCaisse\SystemeCaisse.UI\ViewModels\AnalysisViewModel.cs(203,17): warning CS4014: Dans la mesure o├╣ cet appel n'est pas attendu, l'ex├®cution de la m├®thode actuelle continue avant la fin de l'appel. Envisagez d'appliquer l'op├®rateur 'await' au r├®sultat de l'appel. [s:\PROGRAMATION\SystemeCaisse\SystemeCaisse.UI\SystemeCaisse.UI_s114rl22_wpftmp.csproj]
s:\PROGRAMATION\SystemeCaisse\SystemeCaisse.UI\ViewModels\MainViewModel.cs(702,21): warning CS4014: Dans la mesure o├╣ cet appel n'est pas attendu, l'ex├®cution de la m├®thode actuelle continue avant la fin de l'appel. Envisagez d'appliquer l'op├®rateur 'await' au r├®sultat de l'appel. [s:\PROGRAMATION\SystemeCaisse\SystemeCaisse.UI\SystemeCaisse.UI_s114rl22_wpftmp.csproj]
s:\PROGRAMATION\SystemeCaisse\SystemeCaisse.UI\ViewModels\MainViewModel.cs(614,37): warning CS8601: Existence possible d'une assignation de r├®f├®rence null. [s:\PROGRAMATION\SystemeCaisse\SystemeCaisse.UI\SystemeCaisse.UI_s114rl22_wpftmp.csproj]
s:\PROGRAMATION\SystemeCaisse\SystemeCaisse.UI\ViewModels\AnalysisViewModel.cs(318,22): warning CS0414: Le champ 'AnalysisViewModel._isDisposed' est assign├®, mais sa valeur n'est jamais utilis├®e [s:\PROGRAMATION\SystemeCaisse\SystemeCaisse.UI\SystemeCaisse.UI_s114rl22_wpftmp.csproj]
s:\PROGRAMATION\SystemeCaisse\SystemeCaisse.UI\ViewModels\AnalysisViewModel.cs(241,37): error CS0246: Le nom de type ou d'espace de noms 'Brush' est introuvable (vous manque-t-il une directive using ou une r├®f├®rence d'assembly┬á?) [s:\PROGRAMATION\SystemeCaisse\SystemeCaisse.UI\SystemeCaisse.UI_s114rl22_wpftmp.csproj]
s:\PROGRAMATION\SystemeCaisse\SystemeCaisse.UI\ViewModels\AnalysisViewModel.cs(243,21): error CS0246: Le nom de type ou d'espace de noms 'SolidColorBrush' est introuvable (vous manque-t-il une directive using ou une r├®f├®rence d'assembly┬á?) [s:\PROGRAMATION\SystemeCaisse\SystemeCaisse.UI\SystemeCaisse.UI_s114rl22_wpftmp.csproj]
s:\PROGRAMATION\SystemeCaisse\SystemeCaisse.UI\ViewModels\AnalysisViewModel.cs(243,37): error CS0103: Le nom 'Color' n'existe pas dans le contexte actuel [s:\PROGRAMATION\SystemeCaisse\SystemeCaisse.UI\SystemeCaisse.UI_s114rl22_wpftmp.csproj]
s:\PROGRAMATION\SystemeCaisse\SystemeCaisse.UI\ViewModels\AnalysisViewModel.cs(244,21): error CS0246: Le nom de type ou d'espace de noms 'SolidColorBrush' est introuvable (vous manque-t-il une directive using ou une r├®f├®rence d'assembly┬á?) [s:\PROGRAMATION\SystemeCaisse\SystemeCaisse.UI\SystemeCaisse.UI_s114rl22_wpftmp.csproj]
s:\PROGRAMATION\SystemeCaisse\SystemeCaisse.UI\ViewModels\AnalysisViewModel.cs(244,37): error CS0103: Le nom 'Color' n'existe pas dans le contexte actuel [s:\PROGRAMATION\SystemeCaisse\SystemeCaisse.UI\SystemeCaisse.UI_s114rl22_wpftmp.csproj]
s:\PROGRAMATION\SystemeCaisse\SystemeCaisse.UI\ViewModels\AnalysisViewModel.cs(245,21): error CS0246: Le nom de type ou d'espace de noms 'SolidColorBrush' est introuvable (vous manque-t-il une directive using ou une r├®f├®rence d'assembly┬á?) [s:\PROGRAMATION\SystemeCaisse\SystemeCaisse.UI\SystemeCaisse.UI_s114rl22_wpftmp.csproj]
s:\PROGRAMATION\SystemeCaisse\SystemeCaisse.UI\ViewModels\AnalysisViewModel.cs(245,37): error CS0103: Le nom 'Color' n'existe pas dans le contexte actuel [s:\PROGRAMATION\SystemeCaisse\SystemeCaisse.UI\SystemeCaisse.UI_s114rl22_wpftmp.csproj]
s:\PROGRAMATION\SystemeCaisse\SystemeCaisse.UI\ViewModels\AnalysisViewModel.cs(246,21): error CS0246: Le nom de type ou d'espace de noms 'SolidColorBrush' est introuvable (vous manque-t-il une directive using ou une r├®f├®rence d'assembly┬á?) [s:\PROGRAMATION\SystemeCaisse\SystemeCaisse.UI\SystemeCaisse.UI_s114rl22_wpftmp.csproj]
s:\PROGRAMATION\SystemeCaisse\SystemeCaisse.UI\ViewModels\AnalysisViewModel.cs(246,37): error CS0103: Le nom 'Color' n'existe pas dans le contexte actuel [s:\PROGRAMATION\SystemeCaisse\SystemeCaisse.UI\SystemeCaisse.UI_s114rl22_wpftmp.csproj]
s:\PROGRAMATION\SystemeCaisse\SystemeCaisse.UI\ViewModels\AnalysisViewModel.cs(247,21): error CS0246: Le nom de type ou d'espace de noms 'SolidColorBrush' est introuvable (vous manque-t-il une directive using ou une r├®f├®rence d'assembly┬á?) [s:\PROGRAMATION\SystemeCaisse\SystemeCaisse.UI\SystemeCaisse.UI_s114rl22_wpftmp.csproj]
s:\PROGRAMATION\SystemeCaisse\SystemeCaisse.UI\ViewModels\AnalysisViewModel.cs(247,37): error CS0103: Le nom 'Color' n'existe pas dans le contexte actuel [s:\PROGRAMATION\SystemeCaisse\SystemeCaisse.UI\SystemeCaisse.UI_s114rl22_wpftmp.csproj]
s:\PROGRAMATION\SystemeCaisse\SystemeCaisse.UI\ViewModels\AnalysisViewModel.cs(248,21): error CS0246: Le nom de type ou d'espace de noms 'SolidColorBrush' est introuvable (vous manque-t-il une directive using ou une r├®f├®rence d'assembly┬á?) [s:\PROGRAMATION\SystemeCaisse\SystemeCaisse.UI\SystemeCaisse.UI_s114rl22_wpftmp.csproj]
s:\PROGRAMATION\SystemeCaisse\SystemeCaisse.UI\ViewModels\AnalysisViewModel.cs(248,37): error CS0103: Le nom 'Color' n'existe pas dans le contexte actuel [s:\PROGRAMATION\SystemeCaisse\SystemeCaisse.UI\SystemeCaisse.UI_s114rl22_wpftmp.csproj]
s:\PROGRAMATION\SystemeCaisse\SystemeCaisse.UI\ViewModels\AnalysisViewModel.cs(249,21): error CS0246: Le nom de type ou d'espace de noms 'SolidColorBrush' est introuvable (vous manque-t-il une directive using ou une r├®f├®rence d'assembly┬á?) [s:\PROGRAMATION\SystemeCaisse\SystemeCaisse.UI\SystemeCaisse.UI_s114rl22_wpftmp.csproj]
s:\PROGRAMATION\SystemeCaisse\SystemeCaisse.UI\ViewModels\AnalysisViewModel.cs(249,37): error CS0103: Le nom 'Color' n'existe pas dans le contexte actuel [s:\PROGRAMATION\SystemeCaisse\SystemeCaisse.UI\SystemeCaisse.UI_s114rl22_wpftmp.csproj]
s:\PROGRAMATION\SystemeCaisse\SystemeCaisse.UI\ViewModels\AnalysisViewModel.cs(260,141): error CS0246: Le nom de type ou d'espace de noms 'SolidColorBrush' est introuvable (vous manque-t-il une directive using ou une r├®f├®rence d'assembly┬á?) [s:\PROGRAMATION\SystemeCaisse\SystemeCaisse.UI\SystemeCaisse.UI_s114rl22_wpftmp.csproj]
s:\PROGRAMATION\SystemeCaisse\SystemeCaisse.UI\ViewModels\AnalysisViewModel.cs(260,157): error CS0103: Le nom 'Color' n'existe pas dans le contexte actuel [s:\PROGRAMATION\SystemeCaisse\SystemeCaisse.UI\SystemeCaisse.UI_s114rl22_wpftmp.csproj]
s:\PROGRAMATION\SystemeCaisse\SystemeCaisse.UI\ViewModels\AnalysisViewModel.cs(273,162): error CS0246: Le nom de type ou d'espace de noms 'SolidColorBrush' est introuvable (vous manque-t-il une directive using ou une r├®f├®rence d'assembly┬á?) [s:\PROGRAMATION\SystemeCaisse\SystemeCaisse.UI\SystemeCaisse.UI_s114rl22_wpftmp.csproj]
s:\PROGRAMATION\SystemeCaisse\SystemeCaisse.UI\ViewModels\AnalysisViewModel.cs(273,178): error CS0103: Le nom 'Color' n'existe pas dans le contexte actuel [s:\PROGRAMATION\SystemeCaisse\SystemeCaisse.UI\SystemeCaisse.UI_s114rl22_wpftmp.csproj]
    49 Avertissement(s)
    19 Erreur(s)

Temps ├®coul├® 00:00:11.28
